>LABEL INSTR OP1,OP2
#^^^^^ source.hlasm support.class.hlasm
#     ^^^^^^ source.hlasm entity.name.function.hlasm
#           ^ source.hlasm
#            ^^^ source.hlasm punctuation.definition.tag.hlasm
#               ^ source.hlasm
#                ^^^ source.hlasm punctuation.definition.tag.hlasm
>
>LABEL INSTR OP1,OP2                                                    -12345678
#^^^^^ source.hlasm support.class.hlasm
#     ^^^^^^ source.hlasm entity.name.function.hlasm
#           ^ source.hlasm
#            ^^^ source.hlasm punctuation.definition.tag.hlasm
#               ^ source.hlasm
#                ^^^ source.hlasm punctuation.definition.tag.hlasm
#                   ^^^^^^^^^^^^^^^^^^^^^^^^^^^^^^^^^^^^^^^^^^^^^^^^^^^^^ source.hlasm keyword.other.hlasm
#                                                                        ^^^^^^^^ source.hlasm invalid.ignored
>               OP3                                                      12345678
#^^^^^^^^^^^^^^^ source.hlasm
#               ^^^ source.hlasm comment.hlasm
#                  ^^^^^^^^^^^^^^^^^^^^^^^^^^^^^^^^^^^^^^^^^^^^^^^^^^^^^^^^^^^^^^ source.hlasm invalid.ignored
>LABEL INSTR OP4,OP5,                                                   -
#^^^^^ source.hlasm support.class.hlasm
#     ^^^^^^ source.hlasm entity.name.function.hlasm
#           ^ source.hlasm
#            ^^^ source.hlasm punctuation.definition.tag.hlasm
#               ^ source.hlasm
#                ^^^ source.hlasm punctuation.definition.tag.hlasm
#                   ^ source.hlasm
#                    ^ source.hlasm
#                     ^^^^^^^^^^^^^^^^^^^^^^^^^^^^^^^^^^^^^^^^^^^^^^^^^^ source.hlasm
#                                                                       ^ source.hlasm keyword.other.hlasm
>               OP6,                                                    -
#^^^^^^^^^^^^^^^ source.hlasm
#               ^^^ source.hlasm punctuation.definition.tag.hlasm
#                  ^ source.hlasm
#                   ^ source.hlasm
#                    ^^^^^^^^^^^^^^^^^^^^^^^^^^^^^^^^^^^^^^^^^^^^^^^^^^^ source.hlasm
#                                                                       ^ source.hlasm keyword.other.hlasm
>               OP7                                                      12345678
#^^^^^^^^^^^^^^^ source.hlasm
#               ^^^ source.hlasm punctuation.definition.tag.hlasm
#                  ^^^^^^^^^^^^^^^^^^^^^^^^^^^^^^^^^^^^^^^^^^^^^^^^^^^^^^^^^^^^^^ source.hlasm invalid.ignored
>LABEL INSTR OP8,OP9,                                                   -12345678
#^^^^^ source.hlasm support.class.hlasm
#     ^^^^^^ source.hlasm entity.name.function.hlasm
#           ^ source.hlasm
#            ^^^ source.hlasm punctuation.definition.tag.hlasm
#               ^ source.hlasm
#                ^^^ source.hlasm punctuation.definition.tag.hlasm
#                   ^ source.hlasm
#                    ^ source.hlasm
#                     ^^^^^^^^^^^^^^^^^^^^^^^^^^^^^^^^^^^^^^^^^^^^^^^^^^ source.hlasm
#                                                                       ^ source.hlasm keyword.other.hlasm
#                                                                        ^^^^^^^^ source.hlasm invalid.ignored
>               OP10,                                                   -12345678
#^^^^^^^^^^^^^^^ source.hlasm
#               ^^^^ source.hlasm punctuation.definition.tag.hlasm
#                   ^ source.hlasm
#                    ^ source.hlasm
#                     ^^^^^^^^^^^^^^^^^^^^^^^^^^^^^^^^^^^^^^^^^^^^^^^^^^ source.hlasm
#                                                                       ^ source.hlasm keyword.other.hlasm
#                                                                        ^^^^^^^^ source.hlasm invalid.ignored
>               OP11                                                     12345678
#^^^^^^^^^^^^^^^ source.hlasm
#               ^^^^ source.hlasm punctuation.definition.tag.hlasm
#                   ^^^^^^^^^^^^^^^^^^^^^^^^^^^^^^^^^^^^^^^^^^^^^^^^^^^^^^^^^^^^^ source.hlasm invalid.ignored
>
>LABEL INSTR OP12,OP13,                                                 -12346578
#^^^^^ source.hlasm support.class.hlasm
#     ^^^^^^ source.hlasm entity.name.function.hlasm
#           ^ source.hlasm
#            ^^^^ source.hlasm punctuation.definition.tag.hlasm
#                ^ source.hlasm
#                 ^^^^ source.hlasm punctuation.definition.tag.hlasm
#                     ^ source.hlasm
#                      ^ source.hlasm
#                       ^^^^^^^^^^^^^^^^^^^^^^^^^^^^^^^^^^^^^^^^^^^^^^^^ source.hlasm
#                                                                       ^ source.hlasm keyword.other.hlasm
#                                                                        ^^^^^^^^ source.hlasm invalid.ignored
>               OP14
#^^^^^^^^^^^^^^^ source.hlasm
#               ^^^^ source.hlasm punctuation.definition.tag.hlasm
>
>LABEL INSTR OP1,OP2
#^^^^^ source.hlasm support.class.hlasm
#     ^^^^^^ source.hlasm entity.name.function.hlasm
#           ^ source.hlasm
#            ^^^ source.hlasm punctuation.definition.tag.hlasm
#               ^ source.hlasm
#                ^^^ source.hlasm punctuation.definition.tag.hlasm
>
>LABEL INSTR OP1,OP2                                                             
#^^^^^ source.hlasm support.class.hlasm
#     ^^^^^^ source.hlasm entity.name.function.hlasm
#           ^ source.hlasm
#            ^^^ source.hlasm punctuation.definition.tag.hlasm
#               ^ source.hlasm
#                ^^^ source.hlasm punctuation.definition.tag.hlasm
#                   ^^^^^^^^^^^^^^^^^^^^^^^^^^^^^^^^^^^^^^^^^^^^^^^^^^^^^^^^^^^^^ source.hlasm invalid.ignored
>LABEL INSTR OP1,OP2
#^^^^^ source.hlasm support.class.hlasm
#     ^^^^^^ source.hlasm entity.name.function.hlasm
#           ^ source.hlasm
#            ^^^ source.hlasm punctuation.definition.tag.hlasm
#               ^ source.hlasm
#                ^^^ source.hlasm punctuation.definition.tag.hlasm
>
>LABEL INSTR                                                            -12345678
#^^^^^ source.hlasm support.class.hlasm
#     ^^^^^^ source.hlasm entity.name.function.hlasm
#           ^^^^^^^^^^^^^^^^^^^^^^^^^^^^^^^^^^^^^^^^^^^^^^^^^^^^^^^^^^^^ source.hlasm
#                                                                       ^ source.hlasm keyword.other.hlasm
#                                                                        ^^^^^^^^ source.hlasm invalid.ignored
>               OP4,OP5,   REMARKS                                      -12345678
#^^^^^^^^^^^^^^^ source.hlasm
#               ^^^ source.hlasm punctuation.definition.tag.hlasm
#                  ^ source.hlasm
#                   ^^^ source.hlasm punctuation.definition.tag.hlasm
#                      ^ source.hlasm
#                       ^ source.hlasm
#                        ^^ source.hlasm
#                          ^^^^^^^ source.hlasm comment.hlasm
#                                 ^^^^^^^^^^^^^^^^^^^^^^^^^^^^^^^^^^^^^^ source.hlasm
#                                                                       ^ source.hlasm keyword.other.hlasm
#                                                                        ^^^^^^^^ source.hlasm invalid.ignored
>               OP6,    R                                               -12346578
#^^^^^^^^^^^^^^^ source.hlasm
#               ^^^ source.hlasm punctuation.definition.tag.hlasm
#                  ^ source.hlasm
#                   ^ source.hlasm
#                    ^^^ source.hlasm
#                       ^ source.hlasm comment.hlasm
#                        ^^^^^^^^^^^^^^^^^^^^^^^^^^^^^^^^^^^^^^^^^^^^^^^ source.hlasm
#                                                                       ^ source.hlasm keyword.other.hlasm
#                                                                        ^^^^^^^^ source.hlasm invalid.ignored
>               OP7                                                      12345678
#^^^^^^^^^^^^^^^ source.hlasm
#               ^^^ source.hlasm punctuation.definition.tag.hlasm
#                  ^^^^^^^^^^^^^^^^^^^^^^^^^^^^^^^^^^^^^^^^^^^^^^^^^^^^^^^^^^^^^^ source.hlasm invalid.ignored
>
>LABEL INSTR OP4,OP5    REMARKS                                         -12345678
#^^^^^ source.hlasm support.class.hlasm
#     ^^^^^^ source.hlasm entity.name.function.hlasm
#           ^ source.hlasm
#            ^^^ source.hlasm punctuation.definition.tag.hlasm
#               ^ source.hlasm
#                ^^^ source.hlasm punctuation.definition.tag.hlasm
#                   ^^^^ source.hlasm
#                       ^^^^^^^ source.hlasm comment.hlasm
#                              ^^^^^^^^^^^^^^^^^^^^^^^^^^^^^^^^^^^^^^^^^^ source.hlasm keyword.other.hlasm
#                                                                        ^^^^^^^^ source.hlasm invalid.ignored
>               OP6,                                                    -12346578
#^^^^^^^^^^^^^^^ source.hlasm
#               ^^^^ source.hlasm comment.hlasm
#                   ^^^^^^^^^^^^^^^^^^^^^^^^^^^^^^^^^^^^^^^^^^^^^^^^^^^^^ source.hlasm keyword.other.hlasm
#                                                                        ^^^^^^^^ source.hlasm invalid.ignored
>               OP7                                                      12345678
#^^^^^^^^^^^^^^^ source.hlasm
#               ^^^ source.hlasm comment.hlasm
#                  ^^^^^^^^^^^^^^^^^^^^^^^^^^^^^^^^^^^^^^^^^^^^^^^^^^^^^^^^^^^^^^ source.hlasm invalid.ignored
>               
>
>LABEL INSTR OP1,OP2,   REMARKS                                         -12345678
#^^^^^ source.hlasm support.class.hlasm
#     ^^^^^^ source.hlasm entity.name.function.hlasm
#           ^ source.hlasm
#            ^^^ source.hlasm punctuation.definition.tag.hlasm
#               ^ source.hlasm
#                ^^^ source.hlasm punctuation.definition.tag.hlasm
#                   ^ source.hlasm
#                    ^ source.hlasm
#                     ^^ source.hlasm
#                       ^^^^^^^ source.hlasm comment.hlasm
#                              ^^^^^^^^^^^^^^^^^^^^^^^^^^^^^^^^^^^^^^^^^ source.hlasm
#                                                                       ^ source.hlasm keyword.other.hlasm
#                                                                        ^^^^^^^^ source.hlasm invalid.ignored
>               OP3,OP4,       1                                        -12346578
#^^^^^^^^^^^^^^^ source.hlasm
#               ^^^ source.hlasm punctuation.definition.tag.hlasm
#                  ^ source.hlasm
#                   ^^^ source.hlasm punctuation.definition.tag.hlasm
#                      ^ source.hlasm
#                       ^ source.hlasm
#                        ^^^^^^ source.hlasm
#                              ^ source.hlasm comment.hlasm
#                               ^^^^^^^^^^^^^^^^^^^^^^^^^^^^^^^^^^^^^^^^ source.hlasm
#                                                                       ^ source.hlasm keyword.other.hlasm
#                                                                        ^^^^^^^^ source.hlasm invalid.ignored
>               OP5,OP6        0                                        -12346578
#^^^^^^^^^^^^^^^ source.hlasm
#               ^^^ source.hlasm punctuation.definition.tag.hlasm
#                  ^ source.hlasm
#                   ^^^ source.hlasm punctuation.definition.tag.hlasm
#                      ^^^^^^^^ source.hlasm
#                              ^ source.hlasm comment.hlasm
#                               ^^^^^^^^^^^^^^^^^^^^^^^^^^^^^^^^^^^^^^^^^ source.hlasm keyword.other.hlasm
#                                                                        ^^^^^^^^ source.hlasm invalid.ignored
>               OP6,                                                    -12346578
#^^^^^^^^^^^^^^^ source.hlasm
#               ^^^^ source.hlasm comment.hlasm
#                   ^^^^^^^^^^^^^^^^^^^^^^^^^^^^^^^^^^^^^^^^^^^^^^^^^^^^^ source.hlasm keyword.other.hlasm
#                                                                        ^^^^^^^^ source.hlasm invalid.ignored
>               OP6                                                     -12346578
#^^^^^^^^^^^^^^^ source.hlasm
#               ^^^ source.hlasm comment.hlasm
#                  ^^^^^^^^^^^^^^^^^^^^^^^^^^^^^^^^^^^^^^^^^^^^^^^^^^^^^^ source.hlasm keyword.other.hlasm
#                                                                        ^^^^^^^^ source.hlasm invalid.ignored
>               OP6                                                    s-12346578
#^^^^^^^^^^^^^^^ source.hlasm
#               ^^^ source.hlasm comment.hlasm
#                  ^^^^^^^^^^^^^^^^^^^^^^^^^^^^^^^^^^^^^^^^^^^^^^^^^^^^ source.hlasm
#                                                                      ^ source.hlasm comment.hlasm
#                                                                       ^ source.hlasm keyword.other.hlasm
#                                                                        ^^^^^^^^ source.hlasm invalid.ignored
>               OP7                                                      12345678
#^^^^^^^^^^^^^^^ source.hlasm
#               ^^^ source.hlasm comment.hlasm
#                  ^^^^^^^^^^^^^^^^^^^^^^^^^^^^^^^^^^^^^^^^^^^^^^^^^^^^^^^^^^^^^^ source.hlasm invalid.ignored
>
>LABEL INSTR OP1,OP2    REMARKS                                         -12345678
#^^^^^ source.hlasm support.class.hlasm
#     ^^^^^^ source.hlasm entity.name.function.hlasm
#           ^ source.hlasm
#            ^^^ source.hlasm punctuation.definition.tag.hlasm
#               ^ source.hlasm
#                ^^^ source.hlasm punctuation.definition.tag.hlasm
#                   ^^^^ source.hlasm
#                       ^^^^^^^ source.hlasm comment.hlasm
#                              ^^^^^^^^^^^^^^^^^^^^^^^^^^^^^^^^^^^^^^^^^^ source.hlasm keyword.other.hlasm
#                                                                        ^^^^^^^^ source.hlasm invalid.ignored
>               OP3,OP4,       1                                        -12346578
#^^^^^^^^^^^^^^^ source.hlasm
#               ^^^^^^^^ source.hlasm comment.hlasm
#                       ^^^^^^^ source.hlasm
#                              ^ source.hlasm comment.hlasm
#                               ^^^^^^^^^^^^^^^^^^^^^^^^^^^^^^^^^^^^^^^^^ source.hlasm keyword.other.hlasm
#                                                                        ^^^^^^^^ source.hlasm invalid.ignored
>               OP5,OP6                                                 -12346578
#^^^^^^^^^^^^^^^ source.hlasm
#               ^^^^^^^ source.hlasm comment.hlasm
#                      ^^^^^^^^^^^^^^^^^^^^^^^^^^^^^^^^^^^^^^^^^^^^^^^^^^ source.hlasm keyword.other.hlasm
#                                                                        ^^^^^^^^ source.hlasm invalid.ignored
>               OP6            1                                        -12346578
#^^^^^^^^^^^^^^^ source.hlasm
#               ^^^ source.hlasm comment.hlasm
#                  ^^^^^^^^^^^^ source.hlasm
#                              ^ source.hlasm comment.hlasm
#                               ^^^^^^^^^^^^^^^^^^^^^^^^^^^^^^^^^^^^^^^^^ source.hlasm keyword.other.hlasm
#                                                                        ^^^^^^^^ source.hlasm invalid.ignored
>               OP7                                                      12345678
#^^^^^^^^^^^^^^^ source.hlasm
#               ^^^ source.hlasm comment.hlasm
#                  ^^^^^^^^^^^^^^^^^^^^^^^^^^^^^^^^^^^^^^^^^^^^^^^^^^^^^^^^^^^^^^ source.hlasm invalid.ignored
>
>
>.L20     MNOTE 4,'Length of block does not exceed 256 (&LBL DSECT), &&CX        
#^^^^ source.hlasm keyword.control.hlasm
#    ^^^^^^^^^^ source.hlasm entity.name.function.hlasm
#              ^ source.hlasm
#               ^ source.hlasm punctuation.definition.tag.hlasm constant.numeric.hlasm
#                ^ source.hlasm
#                 ^ source.hlasm string.hlasm
#                  ^^^^^^^^^^^^^^^^^^^^^^^^^^^^^^^^^^^^^ source.hlasm string.hlasm
#                                                       ^^^^ source.hlasm variable.other.readwrite.hlasm
#                                                           ^^^^^^^^^ source.hlasm string.hlasm
#                                                                    ^^ source.hlasm string.hlasm
#                                                                      ^ source.hlasm string.hlasm
#                                                                       ^ source.hlasm keyword.other.hlasm
#                                                                        ^^^^^^^^ source.hlasm invalid.ignored
>               LEANUP option can be optimized to YES'                           
#^^^^^^^^^^^^^^^^^^^^^^^^^^^^^^^^^^^^^^^^^^^^^^^^^^^^^ source.hlasm string.hlasm
#                                                     ^^^^^^^^^^^^^^^^^^^^^^^^^^^ source.hlasm invalid.ignored
>
>         AIF   ( NOT ( (('A' LE '&C') AND ('&C' LE 'I'))  OR           X        
#^^^^^^^^^^^^ source.hlasm entity.name.function.hlasm
#            ^^^ source.hlasm
#               ^^ source.hlasm
#                 ^^^ source.hlasm punctuation.definition.tag.hlasm
#                    ^ source.hlasm
#                     ^^ source.hlasm
#                       ^ source.hlasm
#                        ^ source.hlasm
#                         ^ source.hlasm string.hlasm
#                          ^^ source.hlasm string.hlasm
#                            ^ source.hlasm
#                             ^^ source.hlasm punctuation.definition.tag.hlasm
#                               ^ source.hlasm
#                                ^ source.hlasm string.hlasm
#                                 ^^ source.hlasm variable.other.readwrite.hlasm
#                                   ^ source.hlasm string.hlasm
#                                    ^ source.hlasm
#                                     ^ source.hlasm
#                                      ^^^ source.hlasm punctuation.definition.tag.hlasm
#                                         ^ source.hlasm
#                                          ^ source.hlasm
#                                           ^ source.hlasm string.hlasm
#                                            ^^ source.hlasm variable.other.readwrite.hlasm
#                                              ^ source.hlasm string.hlasm
#                                               ^ source.hlasm
#                                                ^^ source.hlasm punctuation.definition.tag.hlasm
#                                                  ^ source.hlasm
#                                                   ^ source.hlasm string.hlasm
#                                                    ^^ source.hlasm string.hlasm
#                                                      ^ source.hlasm
#                                                       ^ source.hlasm
#                                                        ^^ source.hlasm
#                                                          ^^ source.hlasm punctuation.definition.tag.hlasm
#                                                            ^^^^^^^^^^^^ source.hlasm keyword.other.hlasm
#                                                                        ^^^^^^^^ source.hlasm invalid.ignored
>                       (('J' LE '&C') AND ('&C' LE 'R'))  OR           X        
#^^^^^^^^^^^^^^^^^^^^^^^ source.hlasm
#                       ^ source.hlasm
#                        ^ source.hlasm
#                         ^ source.hlasm string.hlasm
#                          ^^ source.hlasm string.hlasm
#                            ^ source.hlasm
#                             ^^ source.hlasm punctuation.definition.tag.hlasm
#                               ^ source.hlasm
#                                ^ source.hlasm string.hlasm
#                                 ^^ source.hlasm variable.other.readwrite.hlasm
#                                   ^ source.hlasm string.hlasm
#                                    ^ source.hlasm
#                                     ^ source.hlasm
#                                      ^^^ source.hlasm punctuation.definition.tag.hlasm
#                                         ^ source.hlasm
#                                          ^ source.hlasm
#                                           ^ source.hlasm string.hlasm
#                                            ^^ source.hlasm variable.other.readwrite.hlasm
#                                              ^ source.hlasm string.hlasm
#                                               ^ source.hlasm
#                                                ^^ source.hlasm punctuation.definition.tag.hlasm
#                                                  ^ source.hlasm
#                                                   ^ source.hlasm string.hlasm
#                                                    ^^ source.hlasm string.hlasm
#                                                      ^ source.hlasm
#                                                       ^ source.hlasm
#                                                        ^^ source.hlasm
#                                                          ^^ source.hlasm punctuation.definition.tag.hlasm
#                                                            ^^^^^^^^^^^^ source.hlasm keyword.other.hlasm
#                                                                        ^^^^^^^^ source.hlasm invalid.ignored
>                       (('S' LE '&C') AND ('&C' LE 'Z'))  OR           X        
#^^^^^^^^^^^^^^^^^^^^^^^ source.hlasm
#                       ^ source.hlasm
#                        ^ source.hlasm
#                         ^ source.hlasm string.hlasm
#                          ^^ source.hlasm string.hlasm
#                            ^ source.hlasm
#                             ^^ source.hlasm punctuation.definition.tag.hlasm
#                               ^ source.hlasm
#                                ^ source.hlasm string.hlasm
#                                 ^^ source.hlasm variable.other.readwrite.hlasm
#                                   ^ source.hlasm string.hlasm
#                                    ^ source.hlasm
#                                     ^ source.hlasm
#                                      ^^^ source.hlasm punctuation.definition.tag.hlasm
#                                         ^ source.hlasm
#                                          ^ source.hlasm
#                                           ^ source.hlasm string.hlasm
#                                            ^^ source.hlasm variable.other.readwrite.hlasm
#                                              ^ source.hlasm string.hlasm
#                                               ^ source.hlasm
#                                                ^^ source.hlasm punctuation.definition.tag.hlasm
#                                                  ^ source.hlasm
#                                                   ^ source.hlasm string.hlasm
#                                                    ^^ source.hlasm string.hlasm
#                                                      ^ source.hlasm
#                                                       ^ source.hlasm
#                                                        ^^ source.hlasm
#                                                          ^^ source.hlasm punctuation.definition.tag.hlasm
#                                                            ^^^^^^^^^^^^ source.hlasm keyword.other.hlasm
#                                                                        ^^^^^^^^ source.hlasm invalid.ignored
>                       ('&C' EQ '$') OR ('&C' EQ '_')     OR           X        
#^^^^^^^^^^^^^^^^^^^^^^^ source.hlasm
#                       ^ source.hlasm
#                        ^ source.hlasm string.hlasm
#                         ^^ source.hlasm variable.other.readwrite.hlasm
#                           ^ source.hlasm string.hlasm
#                            ^ source.hlasm
#                             ^^ source.hlasm punctuation.definition.tag.hlasm
#                               ^ source.hlasm
#                                ^ source.hlasm string.hlasm
#                                 ^^ source.hlasm string.hlasm
#                                   ^ source.hlasm
#                                    ^ source.hlasm
#                                     ^^ source.hlasm punctuation.definition.tag.hlasm
#                                       ^ source.hlasm
#                                        ^ source.hlasm
#                                         ^ source.hlasm string.hlasm
#                                          ^^ source.hlasm variable.other.readwrite.hlasm
#                                            ^ source.hlasm string.hlasm
#                                             ^ source.hlasm
#                                              ^^ source.hlasm punctuation.definition.tag.hlasm
#                                                ^ source.hlasm
#                                                 ^ source.hlasm string.hlasm
#                                                  ^^ source.hlasm string.hlasm
#                                                    ^ source.hlasm
#                                                     ^^^^^ source.hlasm
#                                                          ^^ source.hlasm punctuation.definition.tag.hlasm
#                                                            ^^^^^^^^^^^^ source.hlasm keyword.other.hlasm
#                                                                        ^^^^^^^^ source.hlasm invalid.ignored
>                       ('&C' EQ '#') OR ('&C' EQ '@')                  X        
#^^^^^^^^^^^^^^^^^^^^^^^ source.hlasm
#                       ^ source.hlasm
#                        ^ source.hlasm string.hlasm
#                         ^^ source.hlasm variable.other.readwrite.hlasm
#                           ^ source.hlasm string.hlasm
#                            ^ source.hlasm
#                             ^^ source.hlasm punctuation.definition.tag.hlasm
#                               ^ source.hlasm
#                                ^ source.hlasm string.hlasm
#                                 ^^ source.hlasm string.hlasm
#                                   ^ source.hlasm
#                                    ^ source.hlasm
#                                     ^^ source.hlasm punctuation.definition.tag.hlasm
#                                       ^ source.hlasm
#                                        ^ source.hlasm
#                                         ^ source.hlasm string.hlasm
#                                          ^^ source.hlasm variable.other.readwrite.hlasm
#                                            ^ source.hlasm string.hlasm
#                                             ^ source.hlasm
#                                              ^^ source.hlasm punctuation.definition.tag.hlasm
#                                                ^ source.hlasm
#                                                 ^ source.hlasm string.hlasm
#                                                  ^^ source.hlasm string.hlasm
#                                                    ^ source.hlasm
#                                                     ^^^^^^^^^^^^^^^^^^^ source.hlasm keyword.other.hlasm
#                                                                        ^^^^^^^^ source.hlasm invalid.ignored
>                     )                                                 X        
#^^^^^^^^^^^^^^^^^^^^^ source.hlasm
#                     ^ source.hlasm
#                      ^^^^^^^^^^^^^^^^^^^^^^^^^^^^^^^^^^^^^^^^^^^^^^^^^^ source.hlasm keyword.other.hlasm
#                                                                        ^^^^^^^^ source.hlasm invalid.ignored
>               ).NAMERR                                                         
#^^^^^^^^^^^^^^^ source.hlasm
#               ^ source.hlasm
#                ^^^^^^^ source.hlasm keyword.control.hlasm
#                       ^^^^^^^^^^^^^^^^^^^^^^^^^^^^^^^^^^^^^^^^^^^^^^^^^^^^^^^^^ source.hlasm invalid.ignored
>         ZFMT  TEEEDIT+1/12/,'&SECT ',                                 X        
#^^^^^^^^^^^^^ source.hlasm entity.name.function.hlasm
#             ^^ source.hlasm
#               ^^^^^^^ source.hlasm punctuation.definition.tag.hlasm
#                      ^ source.hlasm
#                       ^ source.hlasm punctuation.definition.tag.hlasm constant.numeric.hlasm
#                        ^ source.hlasm
#                         ^^ source.hlasm punctuation.definition.tag.hlasm
#                           ^^ source.hlasm
#                             ^ source.hlasm string.hlasm
#                              ^^^^^ source.hlasm variable.other.readwrite.hlasm
#                                   ^^ source.hlasm string.hlasm
#                                     ^ source.hlasm
#                                      ^ source.hlasm
#                                       ^^^^^^^^^^^^^^^^^^^^^^^^^^^^^^^^ source.hlasm
#                                                                       ^ source.hlasm keyword.other.hlasm
#                                                                        ^^^^^^^^ source.hlasm invalid.ignored
>               &SYSLIST(1),&SYSLIST(2),&SYSLIST(3),                    X        
#^^^^^^^^^^^^^^^ source.hlasm
#               ^^^^^^^^ source.hlasm punctuation.definition.tag.hlasm variable.other.readwrite.hlasm
#                       ^ source.hlasm
#                        ^ source.hlasm punctuation.definition.tag.hlasm constant.numeric.hlasm
#                         ^ source.hlasm
#                          ^ source.hlasm
#                           ^^^^^^^^ source.hlasm punctuation.definition.tag.hlasm variable.other.readwrite.hlasm
#                                   ^ source.hlasm
#                                    ^ source.hlasm punctuation.definition.tag.hlasm constant.numeric.hlasm
#                                     ^ source.hlasm
#                                      ^ source.hlasm
#                                       ^^^^^^^^ source.hlasm punctuation.definition.tag.hlasm variable.other.readwrite.hlasm
#                                               ^ source.hlasm
#                                                ^ source.hlasm punctuation.definition.tag.hlasm constant.numeric.hlasm
#                                                 ^ source.hlasm
#                                                  ^ source.hlasm
#                                                   ^ source.hlasm
#                                                    ^^^^^^^^^^^^^^^^^^^ source.hlasm
#                                                                       ^ source.hlasm keyword.other.hlasm
#                                                                        ^^^^^^^^ source.hlasm invalid.ignored
>               &SYSLIST(4),&SYSLIST(5),&SYSLIST(6),                    X        
#^^^^^^^^^^^^^^^ source.hlasm
#               ^^^^^^^^ source.hlasm punctuation.definition.tag.hlasm variable.other.readwrite.hlasm
#                       ^ source.hlasm
#                        ^ source.hlasm punctuation.definition.tag.hlasm constant.numeric.hlasm
#                         ^ source.hlasm
#                          ^ source.hlasm
#                           ^^^^^^^^ source.hlasm punctuation.definition.tag.hlasm variable.other.readwrite.hlasm
#                                   ^ source.hlasm
#                                    ^ source.hlasm punctuation.definition.tag.hlasm constant.numeric.hlasm
#                                     ^ source.hlasm
#                                      ^ source.hlasm
#                                       ^^^^^^^^ source.hlasm punctuation.definition.tag.hlasm variable.other.readwrite.hlasm
#                                               ^ source.hlasm
#                                                ^ source.hlasm punctuation.definition.tag.hlasm constant.numeric.hlasm
#                                                 ^ source.hlasm
#                                                  ^ source.hlasm
#                                                   ^ source.hlasm
#                                                    ^^^^^^^^^^^^^^^^^^^ source.hlasm
#                                                                       ^ source.hlasm keyword.other.hlasm
#                                                                        ^^^^^^^^ source.hlasm invalid.ignored
>               &SYSLIST(7),&SYSLIST(8),&SYSLIST(9),                    X        
#^^^^^^^^^^^^^^^ source.hlasm
#               ^^^^^^^^ source.hlasm punctuation.definition.tag.hlasm variable.other.readwrite.hlasm
#                       ^ source.hlasm
#                        ^ source.hlasm punctuation.definition.tag.hlasm constant.numeric.hlasm
#                         ^ source.hlasm
#                          ^ source.hlasm
#                           ^^^^^^^^ source.hlasm punctuation.definition.tag.hlasm variable.other.readwrite.hlasm
#                                   ^ source.hlasm
#                                    ^ source.hlasm punctuation.definition.tag.hlasm constant.numeric.hlasm
#                                     ^ source.hlasm
#                                      ^ source.hlasm
#                                       ^^^^^^^^ source.hlasm punctuation.definition.tag.hlasm variable.other.readwrite.hlasm
#                                               ^ source.hlasm
#                                                ^ source.hlasm punctuation.definition.tag.hlasm constant.numeric.hlasm
#                                                 ^ source.hlasm
#                                                  ^ source.hlasm
#                                                   ^ source.hlasm
#                                                    ^^^^^^^^^^^^^^^^^^^ source.hlasm
#                                                                       ^ source.hlasm keyword.other.hlasm
#                                                                        ^^^^^^^^ source.hlasm invalid.ignored
>               &SYSLIST(10),&SYSLIST(11),                              X        
#^^^^^^^^^^^^^^^ source.hlasm
#               ^^^^^^^^ source.hlasm punctuation.definition.tag.hlasm variable.other.readwrite.hlasm
#                       ^ source.hlasm
#                        ^^ source.hlasm punctuation.definition.tag.hlasm constant.numeric.hlasm
#                          ^ source.hlasm
#                           ^ source.hlasm
#                            ^^^^^^^^ source.hlasm punctuation.definition.tag.hlasm variable.other.readwrite.hlasm
#                                    ^ source.hlasm
#                                     ^^ source.hlasm punctuation.definition.tag.hlasm constant.numeric.hlasm
#                                       ^ source.hlasm
#                                        ^ source.hlasm
#                                         ^ source.hlasm
#                                          ^^^^^^^^^^^^^^^^^^^^^^^^^^^^^ source.hlasm
#                                                                       ^ source.hlasm keyword.other.hlasm
#                                                                        ^^^^^^^^ source.hlasm invalid.ignored
>               &SYSLIST(12),&SYSLIST(13),                              X        
#^^^^^^^^^^^^^^^ source.hlasm
#               ^^^^^^^^ source.hlasm punctuation.definition.tag.hlasm variable.other.readwrite.hlasm
#                       ^ source.hlasm
#                        ^^ source.hlasm punctuation.definition.tag.hlasm constant.numeric.hlasm
#                          ^ source.hlasm
#                           ^ source.hlasm
#                            ^^^^^^^^ source.hlasm punctuation.definition.tag.hlasm variable.other.readwrite.hlasm
#                                    ^ source.hlasm
#                                     ^^ source.hlasm punctuation.definition.tag.hlasm constant.numeric.hlasm
#                                       ^ source.hlasm
#                                        ^ source.hlasm
#                                         ^ source.hlasm
#                                          ^^^^^^^^^^^^^^^^^^^^^^^^^^^^^ source.hlasm
#                                                                       ^ source.hlasm keyword.other.hlasm
#                                                                        ^^^^^^^^ source.hlasm invalid.ignored
>               &SYSLIST(14),&SYSLIST(15),.                                      
#^^^^^^^^^^^^^^^ source.hlasm
#               ^^^^^^^^ source.hlasm punctuation.definition.tag.hlasm variable.other.readwrite.hlasm
#                       ^ source.hlasm
#                        ^^ source.hlasm punctuation.definition.tag.hlasm constant.numeric.hlasm
#                          ^ source.hlasm
#                           ^ source.hlasm
#                            ^^^^^^^^ source.hlasm punctuation.definition.tag.hlasm variable.other.readwrite.hlasm
#                                    ^ source.hlasm
#                                     ^^ source.hlasm punctuation.definition.tag.hlasm constant.numeric.hlasm
#                                       ^ source.hlasm
#                                        ^ source.hlasm
#                                         ^ source.hlasm punctuation.definition.tag.hlasm keyword.operator.hlasm
#                                          ^^^^^^^^^^^^^^^^^^^^^^^^^^^^^^^^^^^^^^ source.hlasm invalid.ignored