>LABEL INSTR                                                            -12345678
#^^^^^ source.hlasm support.class.hlasm
#     ^^^^^^ source.hlasm entity.name.function.hlasm
#           ^^^^^^^^^^^^^^^^^^^^^^^^^^^^^^^^^^^^^^^^^^^^^^^^^^^^^^^^^^^^ source.hlasm
#                                                                       ^ source.hlasm keyword.other.hlasm
#                                                                        ^^^^^^^^ source.hlasm invalid.ignored
>               OP4 OP5,   REMARKS                                      -12345678
#^^^^^^^^^^^^^^^ source.hlasm
#               ^^^ source.hlasm punctuation.definition.tag.hlasm
#                  ^ source.hlasm
#                   ^^^^ source.hlasm comment.hlasm
#                       ^^^ source.hlasm
#                          ^^^^^^^ source.hlasm comment.hlasm
#                                 ^^^^^^^^^^^^^^^^^^^^^^^^^^^^^^^^^^^^^^^ source.hlasm keyword.other.hlasm
#                                                                        ^^^^^^^^ source.hlasm invalid.ignored
>               OP6,    R                                               -12346578
#^^^^^^^^^^^^^^^ source.hlasm
#               ^^^^ source.hlasm comment.hlasm
#                   ^^^^ source.hlasm
#                       ^ source.hlasm comment.hlasm
#                        ^^^^^^^^^^^^^^^^^^^^^^^^^^^^^^^^^^^^^^^^^^^^^^^^ source.hlasm keyword.other.hlasm
#                                                                        ^^^^^^^^ source.hlasm invalid.ignored
>               OP7                                                      12345678
#^^^^^^^^^^^^^^^ source.hlasm
#               ^^^ source.hlasm comment.hlasm
#                  ^^^^^^^^^^^^^^^^^^^^^^^^^^^^^^^^^^^^^^^^^^^^^^^^^^^^^^^^^^^^^^ source.hlasm invalid.ignored
>
>.L20     MNOTE                                                         X
#^^^^ source.hlasm keyword.control.hlasm
#    ^^^^^^^^^^ source.hlasm entity.name.function.hlasm
#              ^^^^^^^^^^^^^^^^^^^^^^^^^^^^^^^^^^^^^^^^^^^^^^^^^^^^^^^^^ source.hlasm
#                                                                       ^ source.hlasm keyword.other.hlasm
>               4,'Length of block does not exceed 256 (&LBL DSECT), &&CX12345678
#^^^^^^^^^^^^^^^ source.hlasm
#               ^ source.hlasm punctuation.definition.tag.hlasm constant.numeric.hlasm
#                ^ source.hlasm
#                 ^ source.hlasm string.hlasm
#                  ^^^^^^^^^^^^^^^^^^^^^^^^^^^^^^^^^^^^^ source.hlasm string.hlasm
#                                                       ^^^^ source.hlasm variable.other.readwrite.hlasm
#                                                           ^^^^^^^^^ source.hlasm string.hlasm
#                                                                    ^^ source.hlasm string.hlasm
#                                                                      ^ source.hlasm string.hlasm
#                                                                       ^ source.hlasm keyword.other.hlasm
#                                                                        ^^^^^^^^ source.hlasm invalid.ignored
>             LEANUP option can be optimized to YES',OP2OP2OP2OP2OP2O -12345678
#^^^^^^^^^^^^^^^ source.hlasm invalid.illegal
#               ^^^^^^^^^^^^^^^^^^^^^^^^^^^^^^^^^^^^ source.hlasm string.hlasm
#                                                   ^ source.hlasm
#                                                    ^^^^^^^^^^^^^^^^ source.hlasm punctuation.definition.tag.hlasm
#                                                                    ^ source.hlasm
#                                                                     ^^ source.hlasm comment.hlasm
#                                                                       ^ source.hlasm keyword.other.hlasm
#                                                                        ^^^^^^ source.hlasm invalid.ignored
>               REMARK REMARK
#^^^^^^^^^^^^^^^ source.hlasm
#               ^^^^^^ source.hlasm comment.hlasm
#                     ^ source.hlasm
#                      ^^^^^^ source.hlasm comment.hlasm
>
>