>         AIF   ( NOT ( (('A' LE '&C') AND ('&C' LE 'I')).AAAA OR       X        
#^^^^^^^^^^^^ source.hlasm entity.name.function.hlasm
#            ^^^ source.hlasm
#               ^^ source.hlasm
#                 ^^^ source.hlasm punctuation.definition.tag.hlasm
#                    ^ source.hlasm
#                     ^^ source.hlasm
#                       ^ source.hlasm
#                        ^ source.hlasm
#                         ^ source.hlasm string.hlasm
#                          ^^ source.hlasm string.hlasm
#                            ^ source.hlasm
#                             ^^ source.hlasm punctuation.definition.tag.hlasm
#                               ^ source.hlasm
#                                ^ source.hlasm string.hlasm
#                                 ^^ source.hlasm variable.other.readwrite.hlasm
#                                   ^ source.hlasm string.hlasm
#                                    ^ source.hlasm
#                                     ^ source.hlasm
#                                      ^^^ source.hlasm punctuation.definition.tag.hlasm
#                                         ^ source.hlasm
#                                          ^ source.hlasm
#                                           ^ source.hlasm string.hlasm
#                                            ^^ source.hlasm variable.other.readwrite.hlasm
#                                              ^ source.hlasm string.hlasm
#                                               ^ source.hlasm
#                                                ^^ source.hlasm punctuation.definition.tag.hlasm
#                                                  ^ source.hlasm
#                                                   ^ source.hlasm string.hlasm
#                                                    ^^ source.hlasm string.hlasm
#                                                      ^ source.hlasm
#                                                       ^ source.hlasm
#                                                        ^ source.hlasm punctuation.definition.tag.hlasm keyword.operator.hlasm
#                                                         ^^^^ source.hlasm punctuation.definition.tag.hlasm
#                                                             ^ source.hlasm
#                                                              ^^ source.hlasm punctuation.definition.tag.hlasm
#                                                                ^^^^^^^^ source.hlasm keyword.other.hlasm
#                                                                        ^^^^^^^^ source.hlasm invalid.ignored
>                       (('J' LE '&C') AND ('&C' LE 'R'))  OR           X        
#^^^^^^^^^^^^^^^^^^^^^^^ source.hlasm
#                       ^ source.hlasm
#                        ^ source.hlasm
#                         ^ source.hlasm string.hlasm
#                          ^^ source.hlasm string.hlasm
#                            ^ source.hlasm
#                             ^^ source.hlasm punctuation.definition.tag.hlasm
#                               ^ source.hlasm
#                                ^ source.hlasm string.hlasm
#                                 ^^ source.hlasm variable.other.readwrite.hlasm
#                                   ^ source.hlasm string.hlasm
#                                    ^ source.hlasm
#                                     ^ source.hlasm
#                                      ^^^ source.hlasm punctuation.definition.tag.hlasm
#                                         ^ source.hlasm
#                                          ^ source.hlasm
#                                           ^ source.hlasm string.hlasm
#                                            ^^ source.hlasm variable.other.readwrite.hlasm
#                                              ^ source.hlasm string.hlasm
#                                               ^ source.hlasm
#                                                ^^ source.hlasm punctuation.definition.tag.hlasm
#                                                  ^ source.hlasm
#                                                   ^ source.hlasm string.hlasm
#                                                    ^^ source.hlasm string.hlasm
#                                                      ^ source.hlasm
#                                                       ^ source.hlasm
#                                                        ^^ source.hlasm
#                                                          ^^ source.hlasm punctuation.definition.tag.hlasm
#                                                            ^^^^^^^^^^^^ source.hlasm keyword.other.hlasm
#                                                                        ^^^^^^^^ source.hlasm invalid.ignored
>                       (('S' LE '&C') AND ('&C' LE 'Z'))  OR           X       
#^^^^^^^^^^^^^^^^^^^^^^^ source.hlasm
#                       ^ source.hlasm
#                        ^ source.hlasm
#                         ^ source.hlasm string.hlasm
#                          ^^ source.hlasm string.hlasm
#                            ^ source.hlasm
#                             ^^ source.hlasm punctuation.definition.tag.hlasm
#                               ^ source.hlasm
#                                ^ source.hlasm string.hlasm
#                                 ^^ source.hlasm variable.other.readwrite.hlasm
#                                   ^ source.hlasm string.hlasm
#                                    ^ source.hlasm
#                                     ^ source.hlasm
#                                      ^^^ source.hlasm punctuation.definition.tag.hlasm
#                                         ^ source.hlasm
#                                          ^ source.hlasm
#                                           ^ source.hlasm string.hlasm
#                                            ^^ source.hlasm variable.other.readwrite.hlasm
#                                              ^ source.hlasm string.hlasm
#                                               ^ source.hlasm
#                                                ^^ source.hlasm punctuation.definition.tag.hlasm
#                                                  ^ source.hlasm
#                                                   ^ source.hlasm string.hlasm
#                                                    ^^ source.hlasm string.hlasm
#                                                      ^ source.hlasm
#                                                       ^ source.hlasm
#                                                        ^^ source.hlasm
#                                                          ^^ source.hlasm punctuation.definition.tag.hlasm
#                                                            ^^^^^^^^^^^^ source.hlasm keyword.other.hlasm
#                                                                        ^^^^^^^ source.hlasm invalid.ignored
>                                                                       X
#^^^^^^^^^^^^^^^^^^^^^^^^^^^^^^^^^^^^^^^^^^^^^^^^^^^^^^^^^^^^^^^^^^^^^^^^ source.hlasm keyword.other.hlasm
>                       ('&C' EQ '$') OR ('&C' EQ '_')     OR           X        
#^^^^^^^^^^^^^^^^^^^^^^^ source.hlasm
#                       ^ source.hlasm
#                        ^ source.hlasm string.hlasm
#                         ^^ source.hlasm variable.other.readwrite.hlasm
#                           ^ source.hlasm string.hlasm
#                            ^ source.hlasm
#                             ^^ source.hlasm punctuation.definition.tag.hlasm
#                               ^ source.hlasm
#                                ^ source.hlasm string.hlasm
#                                 ^^ source.hlasm string.hlasm
#                                   ^ source.hlasm
#                                    ^ source.hlasm
#                                     ^^ source.hlasm punctuation.definition.tag.hlasm
#                                       ^ source.hlasm
#                                        ^ source.hlasm
#                                         ^ source.hlasm string.hlasm
#                                          ^^ source.hlasm variable.other.readwrite.hlasm
#                                            ^ source.hlasm string.hlasm
#                                             ^ source.hlasm
#                                              ^^ source.hlasm punctuation.definition.tag.hlasm
#                                                ^ source.hlasm
#                                                 ^ source.hlasm string.hlasm
#                                                  ^^ source.hlasm string.hlasm
#                                                    ^ source.hlasm
#                                                     ^^^^^ source.hlasm
#                                                          ^^ source.hlasm punctuation.definition.tag.hlasm
#                                                            ^^^^^^^^^^^^ source.hlasm keyword.other.hlasm
#                                                                        ^^^^^^^^ source.hlasm invalid.ignored
>                       ('&C' EQ '#') OR ('&C' EQ '@')                  X        
#^^^^^^^^^^^^^^^^^^^^^^^ source.hlasm
#                       ^ source.hlasm
#                        ^ source.hlasm string.hlasm
#                         ^^ source.hlasm variable.other.readwrite.hlasm
#                           ^ source.hlasm string.hlasm
#                            ^ source.hlasm
#                             ^^ source.hlasm punctuation.definition.tag.hlasm
#                               ^ source.hlasm
#                                ^ source.hlasm string.hlasm
#                                 ^^ source.hlasm string.hlasm
#                                   ^ source.hlasm
#                                    ^ source.hlasm
#                                     ^^ source.hlasm punctuation.definition.tag.hlasm
#                                       ^ source.hlasm
#                                        ^ source.hlasm
#                                         ^ source.hlasm string.hlasm
#                                          ^^ source.hlasm variable.other.readwrite.hlasm
#                                            ^ source.hlasm string.hlasm
#                                             ^ source.hlasm
#                                              ^^ source.hlasm punctuation.definition.tag.hlasm
#                                                ^ source.hlasm
#                                                 ^ source.hlasm string.hlasm
#                                                  ^^ source.hlasm string.hlasm
#                                                    ^ source.hlasm
#                                                     ^^^^^^^^^^^^^^^^^^^ source.hlasm keyword.other.hlasm
#                                                                        ^^^^^^^^ source.hlasm invalid.ignored
>                     )                                                 X        
#^^^^^^^^^^^^^^^^^^^^^ source.hlasm
#                     ^ source.hlasm
#                      ^^^^^^^^^^^^^^^^^^^^^^^^^^^^^^^^^^^^^^^^^^^^^^^^^^ source.hlasm keyword.other.hlasm
#                                                                        ^^^^^^^^ source.hlasm invalid.ignored
>               ).NAMERR         
#^^^^^^^^^^^^^^^ source.hlasm
#               ^ source.hlasm
#                ^^^^^^^ source.hlasm keyword.control.hlasm
#                       ^^^^^^^^^ source.hlasm