>&TMP     SETA ('AA'.((2 EQ 2)) SLA 'AAA').asd
#^^^^ source.hlasm variable.other.readwrite.hlasm
#    ^^^^^^^^^ source.hlasm entity.name.function.hlasm
#             ^ source.hlasm
#              ^ source.hlasm
#               ^ source.hlasm string.hlasm
#                ^^^ source.hlasm string.hlasm
#                   ^ source.hlasm punctuation.definition.tag.hlasm keyword.operator.hlasm
#                    ^ source.hlasm
#                     ^ source.hlasm
#                      ^ source.hlasm punctuation.definition.tag.hlasm constant.numeric.hlasm
#                       ^ source.hlasm
#                        ^^ source.hlasm punctuation.definition.tag.hlasm
#                          ^ source.hlasm
#                           ^ source.hlasm punctuation.definition.tag.hlasm constant.numeric.hlasm
#                            ^ source.hlasm
#                             ^ source.hlasm
#                              ^ source.hlasm
#                               ^^^ source.hlasm punctuation.definition.tag.hlasm
#                                  ^ source.hlasm
#                                   ^ source.hlasm string.hlasm
#                                    ^^^^ source.hlasm string.hlasm
#                                        ^ source.hlasm
#                                         ^^^^ source.hlasm keyword.control.hlasm
>
>.d END
#^^ source.hlasm keyword.control.hlasm
#  ^^^^ source.hlasm entity.name.function.hlasm
>
>* dadsa                                                                s 
#^ source.hlasm comment.hlasm
# ^ source.hlasm
#  ^^^^^ source.hlasm comment.hlasm
#       ^^^^^^^^^^^^^^^^^^^^^^^^^^^^^^^^^^^^^^^^^^^^^^^^^^^^^^^^^^^^^^^^^ source.hlasm keyword.other.hlasm
#                                                                        ^ source.hlasm invalid.ignored
>               asd as d
#^^^^^^^^^^^^^^^ source.hlasm
#               ^^^ source.hlasm comment.hlasm
#                  ^ source.hlasm
#                   ^^ source.hlasm comment.hlasm
#                     ^ source.hlasm
#                      ^ source.hlasm comment.hlasm
>